::1 - - [21/Sep/2015:06:36:16 -0300] "OPTIONS * HTTP/1.0" 200 125 "-" "Apache/2.4.7 (Ubuntu) PHP/5.5.9-1ubuntu4.11 mod_perl/2.0.8 Perl/v5.18.2 (internal dummy connection)"
::1 - - [21/Sep/2015:06:36:16 -0300] "OPTIONS * HTTP/1.0" 200 125 "-" "Apache/2.4.7 (Ubuntu) PHP/5.5.9-1ubuntu4.11 mod_perl/2.0.8 Perl/v5.18.2 (internal dummy connection)"
::1 - - [21/Sep/2015:06:36:16 -0300] "OPTIONS * HTTP/1.0" 200 125 "-" "Apache/2.4.7 (Ubuntu) PHP/5.5.9-1ubuntu4.11 mod_perl/2.0.8 Perl/v5.18.2 (internal dummy connection)"
::1 - - [21/Sep/2015:06:36:16 -0300] "OPTIONS * HTTP/1.0" 200 125 "-" "Apache/2.4.7 (Ubuntu) PHP/5.5.9-1ubuntu4.11 mod_perl/2.0.8 Perl/v5.18.2 (internal dummy connection)"
::1 - - [21/Sep/2015:06:36:16 -0300] "OPTIONS * HTTP/1.0" 200 125 "-" "Apache/2.4.7 (Ubuntu) PHP/5.5.9-1ubuntu4.11 mod_perl/2.0.8 Perl/v5.18.2 (internal dummy connection)"
::1 - - [21/Sep/2015:06:36:16 -0300] "OPTIONS * HTTP/1.0" 200 125 "-" "Apache/2.4.7 (Ubuntu) PHP/5.5.9-1ubuntu4.11 mod_perl/2.0.8 Perl/v5.18.2 (internal dummy connection)"
::1 - - [21/Sep/2015:06:36:16 -0300] "OPTIONS * HTTP/1.0" 200 125 "-" "Apache/2.4.7 (Ubuntu) PHP/5.5.9-1ubuntu4.11 mod_perl/2.0.8 Perl/v5.18.2 (internal dummy connection)"
222.186.129.5 - - [21/Sep/2015:06:47:37 -0300] "POST http://123.249.24.233/POST_ip_port.php HTTP/1.1" 404 453 "http://123.249.24.233/POST_ip_port.phpAccept: */*" "Mozilla/4.0 (compatible; MSIE 9.0; Windows NT 6.1; 125LA; .NET CLR 2.0.50727; .NET CLR 3.0.04506.648; .NET CLR 3.5.21022)"
222.186.129.5 - - [21/Sep/2015:07:28:16 -0300] "POST http://123.249.24.233/POST_ip_port.php HTTP/1.1" 404 453 "http://123.249.24.233/POST_ip_port.phpAccept: */*" "Mozilla/4.0 (compatible; MSIE 9.0; Windows NT 6.1; 125LA; .NET CLR 2.0.50727; .NET CLR 3.0.04506.648; .NET CLR 3.5.21022)"
115.230.124.174 - - [21/Sep/2015:07:42:16 -0300] "GET http://zc.qq.com/cgi-bin/common/attr?id=260714&r=0.2475242887189740 HTTP/1.1" 404 507 "-" "Mozilla/5.0 (compatible; MSIE 9.0; Windows NT 6.1; Trident/5.0; 360SE)"
222.186.31.145 - - [21/Sep/2015:07:54:02 -0300] "POST http://123.249.24.233/POST_ip_port.php HTTP/1.0" 404 472 "http://123.249.24.233/POST_ip_port.phpAccept: */*" "Mozilla/4.0 (compatible; MSIE 9.0; Windows NT 6.1; 125LA; .NET CLR 2.0.50727; .NET CLR 3.0.04506.648; .NET CLR 3.5.21022)"
115.230.124.174 - - [21/Sep/2015:08:41:02 -0300] "GET http://zc.qq.com/cgi-bin/common/attr?id=260714&r=0.0656633819619727 HTTP/1.1" 404 507 "-" "Mozilla/5.0 (compatible; MSIE 9.0; Windows NT 6.1; Trident/5.0; 360SE)"
222.186.31.145 - - [21/Sep/2015:08:54:43 -0300] "POST http://123.249.24.233/POST_ip_port.php HTTP/1.0" 404 472 "http://123.249.24.233/POST_ip_port.phpAccept: */*" "Mozilla/4.0 (compatible; MSIE 9.0; Windows NT 6.1; 125LA; .NET CLR 2.0.50727; .NET CLR 3.0.04506.648; .NET CLR 3.5.21022)"
222.186.129.5 - - [21/Sep/2015:09:47:00 -0300] "POST http://123.249.24.233/POST_ip_port.php HTTP/1.1" 404 453 "http://123.249.24.233/POST_ip_port.phpAccept: */*" "Mozilla/4.0 (compatible; MSIE 9.0; Windows NT 6.1; 125LA; .NET CLR 2.0.50727; .NET CLR 3.0.04506.648; .NET CLR 3.5.21022)"
115.230.124.174 - - [21/Sep/2015:10:38:45 -0300] "GET http://zc.qq.com/cgi-bin/common/attr?id=260714&r=0.9974137252517058 HTTP/1.1" 404 507 "-" "Mozilla/5.0 (compatible; MSIE 9.0; Windows NT 6.1; Trident/5.0; 360SE)"
45.35.20.217 - - [21/Sep/2015:10:50:56 -0300] "GET http://www.baidu.com/?rands=_195371134268872118865928 HTTP/1.1" 200 3044 "-" "Mozilla/4.0 (compatible; MSIE 7.0; Windows NT 5.2;Windows NT 5.1;Windows NT 5.3; Mozilla/4.0 (compatible; MSIE 6.0; Windows NT 5.1; SV1) ; .NET CLR 1.1.4322; .NET CLR 2.0.50727)"
45.35.20.217 - - [21/Sep/2015:10:50:56 -0300] "GET http://www.sogou.com/?rands=_634279321224056011036316 HTTP/1.1" 200 3044 "-" "Mozilla/4.0 (compatible; MSIE 7.0; Windows NT 5.2;Windows NT 5.1;Windows NT 5.3; Mozilla/4.0 (compatible; MSIE 6.0; Windows NT 5.1; SV1) ; .NET CLR 1.1.4322; .NET CLR 2.0.50727)"
45.35.20.217 - - [21/Sep/2015:10:50:56 -0300] "GET http://www.1dvj.com/?rands=_2238340480018116704953960 HTTP/1.1" 200 3044 "-" "Mozilla/4.0 (compatible; MSIE 7.0; Windows NT 5.2;Windows NT 5.1;Windows NT 5.3; Mozilla/4.0 (compatible; MSIE 6.0; Windows NT 5.1; SV1) ; .NET CLR 1.1.4322; .NET CLR 2.0.50727)"
45.35.20.217 - - [21/Sep/2015:10:50:57 -0300] "GET http://www.kuaidaili.com/?rands=_450010711361704675986056 HTTP/1.1" 200 3044 "-" "Mozilla/4.0 (compatible; MSIE 7.0; Windows NT 5.2;Windows NT 5.1;Windows NT 5.3; Mozilla/4.0 (compatible; MSIE 6.0; Windows NT 5.1; SV1) ; .NET CLR 1.1.4322; .NET CLR 2.0.50727)"
222.186.129.5 - - [21/Sep/2015:11:26:25 -0300] "POST http://123.249.24.233/POST_ip_port.php HTTP/1.1" 404 453 "http://123.249.24.233/POST_ip_port.phpAccept: */*" "Mozilla/4.0 (compatible; MSIE 9.0; Windows NT 6.1; 125LA; .NET CLR 2.0.50727; .NET CLR 3.0.04506.648; .NET CLR 3.5.21022)"
222.186.30.211 - - [21/Sep/2015:11:26:40 -0300] "POST http://123.249.24.233/POST_ip_port.php HTTP/1.0" 404 472 "http://123.249.24.233/POST_ip_port.phpAccept: */*" "Mozilla/4.0 (compatible; MSIE 9.0; Windows NT 6.1; 125LA; .NET CLR 2.0.50727; .NET CLR 3.0.04506.648; .NET CLR 3.5.21022)"
115.230.124.174 - - [21/Sep/2015:11:37:09 -0300] "GET http://zc.qq.com/cgi-bin/common/attr?id=260714&r=0.6918280707706615 HTTP/1.1" 404 507 "-" "Mozilla/5.0 (compatible; MSIE 9.0; Windows NT 6.1; Trident/5.0; 360SE)"
222.186.31.145 - - [21/Sep/2015:11:51:31 -0300] "POST http://123.249.24.233/POST_ip_port.php HTTP/1.0" 404 472 "http://123.249.24.233/POST_ip_port.phpAccept: */*" "Mozilla/4.0 (compatible; MSIE 9.0; Windows NT 6.1; 125LA; .NET CLR 2.0.50727; .NET CLR 3.0.04506.648; .NET CLR 3.5.21022)"
222.186.129.5 - - [21/Sep/2015:12:22:00 -0300] "POST http://123.249.24.233/POST_ip_port.php HTTP/1.1" 404 453 "http://123.249.24.233/POST_ip_port.phpAccept: */*" "Mozilla/4.0 (compatible; MSIE 9.0; Windows NT 6.1; 125LA; .NET CLR 2.0.50727; .NET CLR 3.0.04506.648; .NET CLR 3.5.21022)"
115.230.124.174 - - [21/Sep/2015:12:35:58 -0300] "GET http://zc.qq.com/cgi-bin/common/attr?id=260714&r=0.4155649131520809 HTTP/1.1" 404 507 "-" "Mozilla/5.0 (compatible; MSIE 9.0; Windows NT 6.1; Trident/5.0; 360SE)"
113.53.113.79 - - [21/Sep/2015:12:44:18 -0300] "GET /Ringing.at.your.dorbell! HTTP/1.0" 404 475 "http://google.com/search?q=2+guys+1+horse" "x00_-gawa.sa.pilipinas.2015"
113.53.113.79 - - [21/Sep/2015:12:44:19 -0300] "GET / HTTP/1.0" 200 3063 "-" "x00_-gawa.sa.pilipinas.2015"
113.53.113.79 - - [21/Sep/2015:12:44:20 -0300] "GET / HTTP/1.0" 200 3063 "-" "x00_-gawa.sa.pilipinas.2015"
113.53.113.79 - - [21/Sep/2015:12:44:21 -0300] "GET / HTTP/1.0" 200 3063 "-" "x00_-gawa.sa.pilipinas.2015"
222.186.129.5 - - [21/Sep/2015:12:55:40 -0300] "POST http://123.249.24.233/POST_ip_port.php HTTP/1.1" 404 453 "http://123.249.24.233/POST_ip_port.phpAccept: */*" "Mozilla/4.0 (compatible; MSIE 9.0; Windows NT 6.1; 125LA; .NET CLR 2.0.50727; .NET CLR 3.0.04506.648; .NET CLR 3.5.21022)"
222.186.30.211 - - [21/Sep/2015:13:29:46 -0300] "POST http://123.249.24.233/POST_ip_port.php HTTP/1.0" 404 472 "http://123.249.24.233/POST_ip_port.phpAccept: */*" "Mozilla/4.0 (compatible; MSIE 9.0; Windows NT 6.1; 125LA; .NET CLR 2.0.50727; .NET CLR 3.0.04506.648; .NET CLR 3.5.21022)"
115.230.124.174 - - [21/Sep/2015:13:35:58 -0300] "GET http://zc.qq.com/cgi-bin/common/attr?id=260714&r=0.1798159861813981 HTTP/1.1" 404 507 "-" "Mozilla/5.0 (compatible; MSIE 9.0; Windows NT 6.1; Trident/5.0; 360SE)"
61.160.213.110 - - [21/Sep/2015:14:03:07 -0300] "GET http://www.google.com/ HTTP/1.1" 200 3044 "-" "Mozilla/4.0 (compatible; MSIE 6.0; Windows NT 5.1; SV1; .NET CLR 2.0.50727; .NET CLR 3.0.04506.648; .NET CLR 3.5.21022)"
115.230.124.174 - - [21/Sep/2015:14:34:13 -0300] "GET http://zc.qq.com/cgi-bin/common/attr?id=260714&r=0.5114582393681574 HTTP/1.1" 404 507 "-" "Mozilla/5.0 (compatible; MSIE 9.0; Windows NT 6.1; Trident/5.0; 360SE)"
183.45.90.96 - - [21/Sep/2015:14:38:13 -0300] "GET http://www.baidu.com/s?wd=5118 HTTP/1.1" 404 437 "-" "Mozilla/4.0 (compatible; MSIE 7.0; Windows NT 5.1; TencentTraveler ; EmbeddedWB 14.52 from: http://www.bsalsa.com/ EmbeddedWB 14.52; .NET CLR 2.0.50727; InfoPath.2; .NET CLR 3.0.04506.30; .NET CLR 3.0.04506.590; .NET CLR 3.0.04506.648; .NET CLR 3.5.21022)"
222.186.30.211 - - [21/Sep/2015:14:58:57 -0300] "POST http://123.249.24.233/POST_ip_port.php HTTP/1.0" 404 472 "http://123.249.24.233/POST_ip_port.phpAccept: */*" "Mozilla/4.0 (compatible; MSIE 9.0; Windows NT 6.1; 125LA; .NET CLR 2.0.50727; .NET CLR 3.0.04506.648; .NET CLR 3.5.21022)"
115.230.124.174 - - [21/Sep/2015:15:31:59 -0300] "GET http://zc.qq.com/cgi-bin/common/attr?id=260714&r=0.0006182377820764 HTTP/1.1" 404 507 "-" "Mozilla/5.0 (compatible; MSIE 9.0; Windows NT 6.1; Trident/5.0; 360SE)"
222.186.129.5 - - [21/Sep/2015:16:02:19 -0300] "POST http://123.249.24.233/POST_ip_port.php HTTP/1.1" 404 453 "http://123.249.24.233/POST_ip_port.phpAccept: */*" "Mozilla/4.0 (compatible; MSIE 9.0; Windows NT 6.1; 125LA; .NET CLR 2.0.50727; .NET CLR 3.0.04506.648; .NET CLR 3.5.21022)"
115.230.124.174 - - [21/Sep/2015:16:31:23 -0300] "GET http://zc.qq.com/cgi-bin/common/attr?id=260714&r=0.3950635979324770 HTTP/1.1" 404 507 "-" "Mozilla/5.0 (compatible; MSIE 9.0; Windows NT 6.1; Trident/5.0; 360SE)"
222.186.129.5 - - [21/Sep/2015:16:33:00 -0300] "POST http://123.249.24.233/POST_ip_port.php HTTP/1.1" 404 453 "http://123.249.24.233/POST_ip_port.phpAccept: */*" "Mozilla/4.0 (compatible; MSIE 9.0; Windows NT 6.1; 125LA; .NET CLR 2.0.50727; .NET CLR 3.0.04506.648; .NET CLR 3.5.21022)"
222.186.31.145 - - [21/Sep/2015:17:05:12 -0300] "POST http://123.249.24.233/POST_ip_port.php HTTP/1.0" 404 472 "http://123.249.24.233/POST_ip_port.phpAccept: */*" "Mozilla/4.0 (compatible; MSIE 9.0; Windows NT 6.1; 125LA; .NET CLR 2.0.50727; .NET CLR 3.0.04506.648; .NET CLR 3.5.21022)"
115.230.124.174 - - [21/Sep/2015:17:30:07 -0300] "GET http://zc.qq.com/cgi-bin/common/attr?id=260714&r=0.5070234421431910 HTTP/1.1" 404 507 "-" "Mozilla/5.0 (compatible; MSIE 9.0; Windows NT 6.1; Trident/5.0; 360SE)"
222.186.30.211 - - [21/Sep/2015:17:36:02 -0300] "POST http://123.249.24.233/POST_ip_port.php HTTP/1.0" 404 472 "http://123.249.24.233/POST_ip_port.phpAccept: */*" "Mozilla/4.0 (compatible; MSIE 9.0; Windows NT 6.1; 125LA; .NET CLR 2.0.50727; .NET CLR 3.0.04506.648; .NET CLR 3.5.21022)"
222.186.129.5 - - [21/Sep/2015:18:09:12 -0300] "POST http://123.249.24.233/POST_ip_port.php HTTP/1.1" 404 453 "http://123.249.24.233/POST_ip_port.phpAccept: */*" "Mozilla/4.0 (compatible; MSIE 9.0; Windows NT 6.1; 125LA; .NET CLR 2.0.50727; .NET CLR 3.0.04506.648; .NET CLR 3.5.21022)"
115.230.124.174 - - [21/Sep/2015:18:27:29 -0300] "GET http://zc.qq.com/cgi-bin/common/attr?id=260714&r=0.7698510246491984 HTTP/1.1" 404 507 "-" "Mozilla/5.0 (compatible; MSIE 9.0; Windows NT 6.1; Trident/5.0; 360SE)"
222.186.31.145 - - [21/Sep/2015:18:40:29 -0300] "POST http://123.249.24.233/POST_ip_port.php HTTP/1.0" 404 472 "http://123.249.24.233/POST_ip_port.phpAccept: */*" "Mozilla/4.0 (compatible; MSIE 9.0; Windows NT 6.1; 125LA; .NET CLR 2.0.50727; .NET CLR 3.0.04506.648; .NET CLR 3.5.21022)"
222.186.129.5 - - [21/Sep/2015:19:11:34 -0300] "POST http://123.249.24.233/POST_ip_port.php HTTP/1.1" 404 453 "http://123.249.24.233/POST_ip_port.phpAccept: */*" "Mozilla/4.0 (compatible; MSIE 9.0; Windows NT 6.1; 125LA; .NET CLR 2.0.50727; .NET CLR 3.0.04506.648; .NET CLR 3.5.21022)"
115.230.124.174 - - [21/Sep/2015:19:24:13 -0300] "GET http://zc.qq.com/cgi-bin/common/attr?id=260714&r=0.2263573348959306 HTTP/1.1" 404 507 "-" "Mozilla/5.0 (compatible; MSIE 9.0; Windows NT 6.1; Trident/5.0; 360SE)"
222.186.129.5 - - [21/Sep/2015:20:14:43 -0300] "POST http://123.249.24.233/POST_ip_port.php HTTP/1.1" 404 453 "http://123.249.24.233/POST_ip_port.phpAccept: */*" "Mozilla/4.0 (compatible; MSIE 9.0; Windows NT 6.1; 125LA; .NET CLR 2.0.50727; .NET CLR 3.0.04506.648; .NET CLR 3.5.21022)"
115.230.124.174 - - [21/Sep/2015:20:21:30 -0300] "GET http://zc.qq.com/cgi-bin/common/attr?id=260714&r=0.3624678950935452 HTTP/1.1" 404 507 "-" "Mozilla/5.0 (compatible; MSIE 9.0; Windows NT 6.1; Trident/5.0; 360SE)"
111.248.60.91 - - [21/Sep/2015:21:08:58 -0300] "CONNECT vip163mx00.mxmail.netease.com:25 HTTP/1.0" 200 3063 "-" "-"
115.230.124.174 - - [21/Sep/2015:22:15:49 -0300] "GET http://zc.qq.com/cgi-bin/common/attr?id=260714&r=0.7528122344757254 HTTP/1.1" 404 507 "-" "Mozilla/5.0 (compatible; MSIE 9.0; Windows NT 6.1; Trident/5.0; 360SE)"
208.100.26.229 - - [21/Sep/2015:22:36:10 -0300] "GET / HTTP/1.0" 200 3063 "-" "-"
222.186.31.145 - - [21/Sep/2015:22:57:44 -0300] "POST http://123.249.24.233/POST_ip_port.php HTTP/1.0" 404 472 "http://123.249.24.233/POST_ip_port.phpAccept: */*" "Mozilla/4.0 (compatible; MSIE 9.0; Windows NT 6.1; 125LA; .NET CLR 2.0.50727; .NET CLR 3.0.04506.648; .NET CLR 3.5.21022)"
45.35.20.217 - - [21/Sep/2015:23:14:45 -0300] "GET http://www.baidu.com/?rands=_31521361430247065701640 HTTP/1.1" 200 3044 "-" "Mozilla/4.0 (compatible; MSIE 7.0; Windows NT 5.2;Windows NT 5.1;Windows NT 5.3; Mozilla/4.0 (compatible; MSIE 6.0; Windows NT 5.1; SV1) ; .NET CLR 1.1.4322; .NET CLR 2.0.50727)"
45.35.20.217 - - [21/Sep/2015:23:14:46 -0300] "GET http://www.sogou.com/?rands=_15800127566435834763580400 HTTP/1.1" 200 3044 "-" "Mozilla/4.0 (compatible; MSIE 7.0; Windows NT 5.2;Windows NT 5.1;Windows NT 5.3; Mozilla/4.0 (compatible; MSIE 6.0; Windows NT 5.1; SV1) ; .NET CLR 1.1.4322; .NET CLR 2.0.50727)"
45.35.20.217 - - [21/Sep/2015:23:14:46 -0300] "GET http://www.1dvj.com/?rands=_111274144023182595940648 HTTP/1.1" 200 3044 "-" "Mozilla/4.0 (compatible; MSIE 7.0; Windows NT 5.2;Windows NT 5.1;Windows NT 5.3; Mozilla/4.0 (compatible; MSIE 6.0; Windows NT 5.1; SV1) ; .NET CLR 1.1.4322; .NET CLR 2.0.50727)"
45.35.20.217 - - [21/Sep/2015:23:14:47 -0300] "GET http://www.kuaidaili.com/?rands=_148962059221590012311532 HTTP/1.1" 200 3044 "-" "Mozilla/4.0 (compatible; MSIE 7.0; Windows NT 5.2;Windows NT 5.1;Windows NT 5.3; Mozilla/4.0 (compatible; MSIE 6.0; Windows NT 5.1; SV1) ; .NET CLR 1.1.4322; .NET CLR 2.0.50727)"
222.186.31.145 - - [21/Sep/2015:23:33:21 -0300] "POST http://123.249.24.233/POST_ip_port.php HTTP/1.0" 404 472 "http://123.249.24.233/POST_ip_port.phpAccept: */*" "Mozilla/4.0 (compatible; MSIE 9.0; Windows NT 6.1; 125LA; .NET CLR 2.0.50727; .NET CLR 3.0.04506.648; .NET CLR 3.5.21022)"
222.186.129.5 - - [22/Sep/2015:00:29:34 -0300] "POST http://123.249.24.233/POST_ip_port.php HTTP/1.1" 404 453 "http://123.249.24.233/POST_ip_port.phpAccept: */*" "Mozilla/4.0 (compatible; MSIE 9.0; Windows NT 6.1; 125LA; .NET CLR 2.0.50727; .NET CLR 3.0.04506.648; .NET CLR 3.5.21022)"
222.186.21.113 - - [22/Sep/2015:00:31:51 -0300] "GET /manager/html HTTP/1.1" 404 450 "-" "Mozilla/5.0 (compatible; MSIE 10.0; Windows NT 6.2; WOW64; Trident/6.0)"
93.174.93.33 - - [22/Sep/2015:00:51:11 -0300] "POST /cgi-bin/syssz_ping.htm HTTP/1.1" 404 516 "-" "python-requests/2.7.0 CPython/2.7.6 Linux/3.13.0-24-generic"
185.49.15.151 - - [22/Sep/2015:01:38:21 -0300] "GET http://185.49.15.151/proxy.php HTTP/1.1" 404 445 "-" "-"
222.186.31.145 - - [22/Sep/2015:02:08:16 -0300] "POST http://123.249.24.233/POST_ip_port.php HTTP/1.0" 404 472 "http://123.249.24.233/POST_ip_port.phpAccept: */*" "Mozilla/4.0 (compatible; MSIE 9.0; Windows NT 6.1; 125LA; .NET CLR 2.0.50727; .NET CLR 3.0.04506.648; .NET CLR 3.5.21022)"
222.186.129.5 - - [22/Sep/2015:03:23:56 -0300] "POST http://123.249.24.233/POST_ip_port.php HTTP/1.1" 404 453 "http://123.249.24.233/POST_ip_port.phpAccept: */*" "Mozilla/4.0 (compatible; MSIE 9.0; Windows NT 6.1; 125LA; .NET CLR 2.0.50727; .NET CLR 3.0.04506.648; .NET CLR 3.5.21022)"
222.186.129.5 - - [22/Sep/2015:03:47:07 -0300] "POST http://123.249.24.233/POST_ip_port.php HTTP/1.1" 404 453 "http://123.249.24.233/POST_ip_port.phpAccept: */*" "Mozilla/4.0 (compatible; MSIE 9.0; Windows NT 6.1; 125LA; .NET CLR 2.0.50727; .NET CLR 3.0.04506.648; .NET CLR 3.5.21022)"
222.186.31.145 - - [22/Sep/2015:04:09:13 -0300] "POST http://123.249.24.233/POST_ip_port.php HTTP/1.0" 404 472 "http://123.249.24.233/POST_ip_port.phpAccept: */*" "Mozilla/4.0 (compatible; MSIE 9.0; Windows NT 6.1; 125LA; .NET CLR 2.0.50727; .NET CLR 3.0.04506.648; .NET CLR 3.5.21022)"
61.160.213.110 - - [22/Sep/2015:06:38:11 -0300] "GET http://www.google.com/ HTTP/1.1" 200 3044 "-" "Mozilla/4.0 (compatible; MSIE 6.0; Windows NT 5.1; SV1; .NET CLR 2.0.50727; .NET CLR 3.0.04506.648; .NET CLR 3.5.21022)"
66.71.247.94 - - [22/Sep/2015:06:50:34 -0300] "GET /phpMyAdmin/scripts/setup.php HTTP/1.0" 404 479 "-" "-"
115.230.124.174 - - [22/Sep/2015:06:51:48 -0300] "GET http://zc.qq.com/cgi-bin/common/attr?id=260714&r=0.1882959219797395 HTTP/1.1" 404 507 "-" "Mozilla/5.0 (compatible; MSIE 9.0; Windows NT 6.1; Trident/5.0; 360SE)"
222.186.129.5 - - [22/Sep/2015:06:53:12 -0300] "POST http://123.249.24.233/POST_ip_port.php HTTP/1.1" 404 453 "http://123.249.24.233/POST_ip_port.phpAccept: */*" "Mozilla/4.0 (compatible; MSIE 9.0; Windows NT 6.1; 125LA; .NET CLR 2.0.50727; .NET CLR 3.0.04506.648; .NET CLR 3.5.21022)"
115.230.124.174 - - [22/Sep/2015:07:48:37 -0300] "GET http://zc.qq.com/cgi-bin/common/attr?id=260714&r=0.1111892472694891 HTTP/1.1" 404 507 "-" "Mozilla/5.0 (compatible; MSIE 9.0; Windows NT 6.1; Trident/5.0; 360SE)"
91.236.75.4 - - [22/Sep/2015:08:33:00 -0300] "GET http://www.google.com/reader/about/ HTTP/1.1" 404 450 "-" "Mozilla/4.0 (compatible; MSIE 6.0; Windows NT 5.1)"
115.230.124.174 - - [22/Sep/2015:08:46:03 -0300] "GET http://zc.qq.com/cgi-bin/common/attr?id=260714&r=0.0288357003290632 HTTP/1.1" 404 507 "-" "Mozilla/5.0 (compatible; MSIE 9.0; Windows NT 6.1; Trident/5.0; 360SE)"
179.213.241.25 - - [22/Sep/2015:08:56:31 -0300] "GET /Ringing.at.your.dorbell! HTTP/1.0" 404 475 "http://google.com/search?q=2+guys+1+horse" "x00_-gawa.sa.pilipinas.2015"
179.213.241.25 - - [22/Sep/2015:08:56:31 -0300] "GET / HTTP/1.0" 200 3063 "-" "x00_-gawa.sa.pilipinas.2015"
179.213.241.25 - - [22/Sep/2015:08:56:31 -0300] "GET / HTTP/1.0" 200 3063 "-" "x00_-gawa.sa.pilipinas.2015"
179.213.241.25 - - [22/Sep/2015:08:56:31 -0300] "GET / HTTP/1.0" 200 3063 "-" "x00_-gawa.sa.pilipinas.2015"
222.186.129.5 - - [22/Sep/2015:09:04:59 -0300] "POST http://123.249.24.233/POST_ip_port.php HTTP/1.1" 404 453 "http://123.249.24.233/POST_ip_port.phpAccept: */*" "Mozilla/4.0 (compatible; MSIE 9.0; Windows NT 6.1; 125LA; .NET CLR 2.0.50727; .NET CLR 3.0.04506.648; .NET CLR 3.5.21022)"
179.99.205.228 - - [22/Sep/2015:09:15:51 -0300] "GET / HTTP/1.1" 200 1460 "-" "Mozilla/5.0 (Windows NT 10.0; WOW64) AppleWebKit/537.36 (KHTML, like Gecko) Chrome/45.0.2454.93 Safari/537.36"
179.99.205.228 - - [22/Sep/2015:09:15:53 -0300] "GET /bootstrap/css/bootstrap.min.css HTTP/1.1" 200 20236 "http://187.73.149.26:8080/" "Mozilla/5.0 (Windows NT 10.0; WOW64) AppleWebKit/537.36 (KHTML, like Gecko) Chrome/45.0.2454.93 Safari/537.36"
179.99.205.228 - - [22/Sep/2015:09:15:53 -0300] "GET /bootstrap/js/bootstrap.min.js HTTP/1.1" 200 10096 "http://187.73.149.26:8080/" "Mozilla/5.0 (Windows NT 10.0; WOW64) AppleWebKit/537.36 (KHTML, like Gecko) Chrome/45.0.2454.93 Safari/537.36"
179.99.205.228 - - [22/Sep/2015:09:15:53 -0300] "GET /js/jquery-1.10.2.js HTTP/1.1" 200 81487 "http://187.73.149.26:8080/" "Mozilla/5.0 (Windows NT 10.0; WOW64) AppleWebKit/537.36 (KHTML, like Gecko) Chrome/45.0.2454.93 Safari/537.36"
179.99.205.228 - - [22/Sep/2015:09:15:55 -0300] "GET /favicon.ico HTTP/1.1" 404 504 "http://187.73.149.26:8080/" "Mozilla/5.0 (Windows NT 10.0; WOW64) AppleWebKit/537.36 (KHTML, like Gecko) Chrome/45.0.2454.93 Safari/537.36"
179.99.205.228 - - [22/Sep/2015:09:21:12 -0300] "POST /auth.php HTTP/1.1" 200 416 "http://187.73.149.26:8080/" "Mozilla/5.0 (Windows NT 10.0; WOW64) AppleWebKit/537.36 (KHTML, like Gecko) Chrome/45.0.2454.93 Safari/537.36"
179.99.205.228 - - [22/Sep/2015:09:21:12 -0300] "GET /inicio.php HTTP/1.1" 200 2574 "http://187.73.149.26:8080/" "Mozilla/5.0 (Windows NT 10.0; WOW64) AppleWebKit/537.36 (KHTML, like Gecko) Chrome/45.0.2454.93 Safari/537.36"
179.99.205.228 - - [22/Sep/2015:09:21:12 -0300] "GET /css/style.css HTTP/1.1" 200 3686 "http://187.73.149.26:8080/inicio.php" "Mozilla/5.0 (Windows NT 10.0; WOW64) AppleWebKit/537.36 (KHTML, like Gecko) Chrome/45.0.2454.93 Safari/537.36"
179.99.205.228 - - [22/Sep/2015:09:21:12 -0300] "GET /css/areaAluno.css HTTP/1.1" 200 1006 "http://187.73.149.26:8080/inicio.php" "Mozilla/5.0 (Windows NT 10.0; WOW64) AppleWebKit/537.36 (KHTML, like Gecko) Chrome/45.0.2454.93 Safari/537.36"
179.99.205.228 - - [22/Sep/2015:09:21:12 -0300] "GET /js/funcoes.js HTTP/1.1" 200 1007 "http://187.73.149.26:8080/inicio.php" "Mozilla/5.0 (Windows NT 10.0; WOW64) AppleWebKit/537.36 (KHTML, like Gecko) Chrome/45.0.2454.93 Safari/537.36"
179.99.205.228 - - [22/Sep/2015:09:21:12 -0300] "GET /img/separador.png HTTP/1.1" 200 422 "http://187.73.149.26:8080/inicio.php" "Mozilla/5.0 (Windows NT 10.0; WOW64) AppleWebKit/537.36 (KHTML, like Gecko) Chrome/45.0.2454.93 Safari/537.36"
179.99.205.228 - - [22/Sep/2015:09:21:13 -0300] "GET /img/bt_mensagens_normal.png HTTP/1.1" 200 2371 "http://187.73.149.26:8080/css/style.css" "Mozilla/5.0 (Windows NT 10.0; WOW64) AppleWebKit/537.36 (KHTML, like Gecko) Chrome/45.0.2454.93 Safari/537.36"
179.99.205.228 - - [22/Sep/2015:09:21:13 -0300] "GET /img/bt_livros_normal.png HTTP/1.1" 200 1514 "http://187.73.149.26:8080/css/style.css" "Mozilla/5.0 (Windows NT 10.0; WOW64) AppleWebKit/537.36 (KHTML, like Gecko) Chrome/45.0.2454.93 Safari/537.36"
179.99.205.228 - - [22/Sep/2015:09:21:13 -0300] "GET /img/bt_forum_normal.png HTTP/1.1" 200 1809 "http://187.73.149.26:8080/css/style.css" "Mozilla/5.0 (Windows NT 10.0; WOW64) AppleWebKit/537.36 (KHTML, like Gecko) Chrome/45.0.2454.93 Safari/537.36"
179.99.205.228 - - [22/Sep/2015:09:21:13 -0300] "GET /img/logo/logo_lg.png HTTP/1.1" 200 6600 "http://187.73.149.26:8080/css/style.css" "Mozilla/5.0 (Windows NT 10.0; WOW64) AppleWebKit/537.36 (KHTML, like Gecko) Chrome/45.0.2454.93 Safari/537.36"
179.99.205.228 - - [22/Sep/2015:09:21:13 -0300] "GET /img/galeria.png HTTP/1.1" 200 2625 "http://187.73.149.26:8080/css/areaAluno.css" "Mozilla/5.0 (Windows NT 10.0; WOW64) AppleWebKit/537.36 (KHTML, like Gecko) Chrome/45.0.2454.93 Safari/537.36"
179.99.205.228 - - [22/Sep/2015:09:21:13 -0300] "GET /img/combo.png HTTP/1.1" 200 705 "http://187.73.149.26:8080/css/areaAluno.css" "Mozilla/5.0 (Windows NT 10.0; WOW64) AppleWebKit/537.36 (KHTML, like Gecko) Chrome/45.0.2454.93 Safari/537.36"
179.99.205.228 - - [22/Sep/2015:09:21:13 -0300] "GET /img/mensagens.png HTTP/1.1" 200 2937 "http://187.73.149.26:8080/css/areaAluno.css" "Mozilla/5.0 (Windows NT 10.0; WOW64) AppleWebKit/537.36 (KHTML, like Gecko) Chrome/45.0.2454.93 Safari/537.36"
179.99.205.228 - - [22/Sep/2015:09:21:13 -0300] "GET /img/mais_vistos.png HTTP/1.1" 200 2943 "http://187.73.149.26:8080/css/areaAluno.css" "Mozilla/5.0 (Windows NT 10.0; WOW64) AppleWebKit/537.36 (KHTML, like Gecko) Chrome/45.0.2454.93 Safari/537.36"
179.99.205.228 - - [22/Sep/2015:09:21:13 -0300] "GET /img/video.png HTTP/1.1" 200 771 "http://187.73.149.26:8080/css/areaAluno.css" "Mozilla/5.0 (Windows NT 10.0; WOW64) AppleWebKit/537.36 (KHTML, like Gecko) Chrome/45.0.2454.93 Safari/537.36"
179.99.205.228 - - [22/Sep/2015:09:21:13 -0300] "GET /img/photo.png HTTP/1.1" 200 754 "http://187.73.149.26:8080/css/areaAluno.css" "Mozilla/5.0 (Windows NT 10.0; WOW64) AppleWebKit/537.36 (KHTML, like Gecko) Chrome/45.0.2454.93 Safari/537.36"
179.99.205.228 - - [22/Sep/2015:09:21:13 -0300] "GET /img/game.png HTTP/1.1" 200 858 "http://187.73.149.26:8080/css/areaAluno.css" "Mozilla/5.0 (Windows NT 10.0; WOW64) AppleWebKit/537.36 (KHTML, like Gecko) Chrome/45.0.2454.93 Safari/537.36"
179.99.205.228 - - [22/Sep/2015:09:21:13 -0300] "GET /img/barra_colorida.png HTTP/1.1" 200 654 "http://187.73.149.26:8080/css/style.css" "Mozilla/5.0 (Windows NT 10.0; WOW64) AppleWebKit/537.36 (KHTML, like Gecko) Chrome/45.0.2454.93 Safari/537.36"
179.99.205.228 - - [22/Sep/2015:09:21:12 -0300] "GET /img/abertura_Ca.png HTTP/1.1" 200 274903 "http://187.73.149.26:8080/inicio.php" "Mozilla/5.0 (Windows NT 10.0; WOW64) AppleWebKit/537.36 (KHTML, like Gecko) Chrome/45.0.2454.93 Safari/537.36"
::1 - - [22/Sep/2015:09:21:21 -0300] "OPTIONS * HTTP/1.0" 200 125 "-" "Apache/2.4.7 (Ubuntu) PHP/5.5.9-1ubuntu4.11 mod_perl/2.0.8 Perl/v5.18.2 (internal dummy connection)"
179.99.205.228 - - [22/Sep/2015:09:21:23 -0300] "GET /areaAluno.php HTTP/1.1" 200 1902 "-" "Mozilla/5.0 (Windows NT 10.0; WOW64) AppleWebKit/537.36 (KHTML, like Gecko) Chrome/45.0.2454.93 Safari/537.36"
179.99.205.228 - - [22/Sep/2015:09:21:24 -0300] "GET /js/ScaleScript.js HTTP/1.1" 200 666 "http://187.73.149.26:8080/areaAluno.php" "Mozilla/5.0 (Windows NT 10.0; WOW64) AppleWebKit/537.36 (KHTML, like Gecko) Chrome/45.0.2454.93 Safari/537.36"
179.99.205.228 - - [22/Sep/2015:09:21:24 -0300] "GET /js/jquery-2.1.1.min.js HTTP/1.1" 200 29849 "http://187.73.149.26:8080/areaAluno.php" "Mozilla/5.0 (Windows NT 10.0; WOW64) AppleWebKit/537.36 (KHTML, like Gecko) Chrome/45.0.2454.93 Safari/537.36"
179.99.205.228 - - [22/Sep/2015:09:21:27 -0300] "GET /inicio.php HTTP/1.1" 200 2574 "http://187.73.149.26:8080/" "Mozilla/5.0 (Windows NT 10.0; WOW64) AppleWebKit/537.36 (KHTML, like Gecko) Chrome/45.0.2454.93 Safari/537.36"
179.99.205.228 - - [22/Sep/2015:09:24:22 -0300] "GET / HTTP/1.1" 200 1374 "-" "Mozilla/5.0 (Windows NT 10.0; WOW64) AppleWebKit/537.36 (KHTML, like Gecko) Chrome/45.0.2454.93 Safari/537.36"
179.99.205.228 - - [22/Sep/2015:09:24:24 -0300] "POST /auth.php HTTP/1.1" 500 347 "http://187.73.149.26:8080/" "Mozilla/5.0 (Windows NT 10.0; WOW64) AppleWebKit/537.36 (KHTML, like Gecko) Chrome/45.0.2454.93 Safari/537.36"
179.99.205.228 - - [22/Sep/2015:09:24:26 -0300] "POST /auth.php HTTP/1.1" 500 347 "http://187.73.149.26:8080/" "Mozilla/5.0 (Windows NT 10.0; WOW64) AppleWebKit/537.36 (KHTML, like Gecko) Chrome/45.0.2454.93 Safari/537.36"
179.99.205.228 - - [22/Sep/2015:09:24:26 -0300] "POST /auth.php HTTP/1.1" 500 347 "http://187.73.149.26:8080/" "Mozilla/5.0 (Windows NT 10.0; WOW64) AppleWebKit/537.36 (KHTML, like Gecko) Chrome/45.0.2454.93 Safari/537.36"
179.99.205.228 - - [22/Sep/2015:09:24:26 -0300] "POST /auth.php HTTP/1.1" 500 347 "http://187.73.149.26:8080/" "Mozilla/5.0 (Windows NT 10.0; WOW64) AppleWebKit/537.36 (KHTML, like Gecko) Chrome/45.0.2454.93 Safari/537.36"
179.99.205.228 - - [22/Sep/2015:09:24:26 -0300] "POST /auth.php HTTP/1.1" 500 347 "http://187.73.149.26:8080/" "Mozilla/5.0 (Windows NT 10.0; WOW64) AppleWebKit/537.36 (KHTML, like Gecko) Chrome/45.0.2454.93 Safari/537.36"
179.99.205.228 - - [22/Sep/2015:09:24:27 -0300] "POST /auth.php HTTP/1.1" 500 347 "http://187.73.149.26:8080/" "Mozilla/5.0 (Windows NT 10.0; WOW64) AppleWebKit/537.36 (KHTML, like Gecko) Chrome/45.0.2454.93 Safari/537.36"
179.99.205.228 - - [22/Sep/2015:09:24:27 -0300] "POST /auth.php HTTP/1.1" 500 347 "http://187.73.149.26:8080/" "Mozilla/5.0 (Windows NT 10.0; WOW64) AppleWebKit/537.36 (KHTML, like Gecko) Chrome/45.0.2454.93 Safari/537.36"
179.99.205.228 - - [22/Sep/2015:09:24:27 -0300] "POST /auth.php HTTP/1.1" 500 347 "http://187.73.149.26:8080/" "Mozilla/5.0 (Windows NT 10.0; WOW64) AppleWebKit/537.36 (KHTML, like Gecko) Chrome/45.0.2454.93 Safari/537.36"
179.99.205.228 - - [22/Sep/2015:09:24:27 -0300] "POST /auth.php HTTP/1.1" 500 347 "http://187.73.149.26:8080/" "Mozilla/5.0 (Windows NT 10.0; WOW64) AppleWebKit/537.36 (KHTML, like Gecko) Chrome/45.0.2454.93 Safari/537.36"
179.99.205.228 - - [22/Sep/2015:09:25:00 -0300] "GET / HTTP/1.1" 200 1374 "-" "Mozilla/5.0 (Windows NT 10.0; WOW64) AppleWebKit/537.36 (KHTML, like Gecko) Chrome/45.0.2454.93 Safari/537.36"
179.99.205.228 - - [22/Sep/2015:09:25:00 -0300] "GET /bootstrap/js/bootstrap.min.js HTTP/1.1" 200 10096 "http://187.73.149.26:8080/" "Mozilla/5.0 (Windows NT 10.0; WOW64) AppleWebKit/537.36 (KHTML, like Gecko) Chrome/45.0.2454.93 Safari/537.36"
179.99.205.228 - - [22/Sep/2015:09:25:00 -0300] "GET /bootstrap/css/bootstrap.min.css HTTP/1.1" 200 20236 "http://187.73.149.26:8080/" "Mozilla/5.0 (Windows NT 10.0; WOW64) AppleWebKit/537.36 (KHTML, like Gecko) Chrome/45.0.2454.93 Safari/537.36"
179.99.205.228 - - [22/Sep/2015:09:25:00 -0300] "GET /js/jquery-1.10.2.js HTTP/1.1" 200 81487 "http://187.73.149.26:8080/" "Mozilla/5.0 (Windows NT 10.0; WOW64) AppleWebKit/537.36 (KHTML, like Gecko) Chrome/45.0.2454.93 Safari/537.36"
179.99.205.228 - - [22/Sep/2015:09:25:02 -0300] "POST /auth.php HTTP/1.1" 500 347 "http://187.73.149.26:8080/" "Mozilla/5.0 (Windows NT 10.0; WOW64) AppleWebKit/537.36 (KHTML, like Gecko) Chrome/45.0.2454.93 Safari/537.36"
179.99.205.228 - - [22/Sep/2015:09:25:03 -0300] "POST /auth.php HTTP/1.1" 500 347 "http://187.73.149.26:8080/" "Mozilla/5.0 (Windows NT 10.0; WOW64) AppleWebKit/537.36 (KHTML, like Gecko) Chrome/45.0.2454.93 Safari/537.36"
179.99.205.228 - - [22/Sep/2015:09:25:10 -0300] "POST /auth.php HTTP/1.1" 500 347 "http://187.73.149.26:8080/" "Mozilla/5.0 (Windows NT 10.0; WOW64) AppleWebKit/537.36 (KHTML, like Gecko) Chrome/45.0.2454.93 Safari/537.36"
179.99.205.228 - - [22/Sep/2015:09:27:27 -0300] "POST /auth.php HTTP/1.1" 500 347 "http://187.73.149.26:8080/" "Mozilla/5.0 (Windows NT 10.0; WOW64) AppleWebKit/537.36 (KHTML, like Gecko) Chrome/45.0.2454.93 Safari/537.36"
179.99.205.228 - - [22/Sep/2015:09:28:39 -0300] "POST /auth.php HTTP/1.1" 500 347 "http://187.73.149.26:8080/" "Mozilla/5.0 (Windows NT 10.0; WOW64) AppleWebKit/537.36 (KHTML, like Gecko) Chrome/45.0.2454.93 Safari/537.36"
179.99.205.228 - - [22/Sep/2015:09:29:03 -0300] "GET / HTTP/1.1" 200 1374 "-" "Mozilla/5.0 (Windows NT 10.0; WOW64) AppleWebKit/537.36 (KHTML, like Gecko) Chrome/45.0.2454.93 Safari/537.36"
179.99.205.228 - - [22/Sep/2015:09:29:04 -0300] "GET /bootstrap/js/bootstrap.min.js HTTP/1.1" 200 10096 "http://187.73.149.26:8080/" "Mozilla/5.0 (Windows NT 10.0; WOW64) AppleWebKit/537.36 (KHTML, like Gecko) Chrome/45.0.2454.93 Safari/537.36"
179.99.205.228 - - [22/Sep/2015:09:29:04 -0300] "GET /bootstrap/css/bootstrap.min.css HTTP/1.1" 200 20236 "http://187.73.149.26:8080/" "Mozilla/5.0 (Windows NT 10.0; WOW64) AppleWebKit/537.36 (KHTML, like Gecko) Chrome/45.0.2454.93 Safari/537.36"
179.99.205.228 - - [22/Sep/2015:09:29:04 -0300] "GET /js/jquery-1.10.2.js HTTP/1.1" 200 81487 "http://187.73.149.26:8080/" "Mozilla/5.0 (Windows NT 10.0; WOW64) AppleWebKit/537.36 (KHTML, like Gecko) Chrome/45.0.2454.93 Safari/537.36"
179.99.205.228 - - [22/Sep/2015:09:29:06 -0300] "POST /auth.php HTTP/1.1" 500 347 "http://187.73.149.26:8080/" "Mozilla/5.0 (Windows NT 10.0; WOW64) AppleWebKit/537.36 (KHTML, like Gecko) Chrome/45.0.2454.93 Safari/537.36"
179.99.205.228 - - [22/Sep/2015:09:29:06 -0300] "POST /auth.php HTTP/1.1" 500 347 "http://187.73.149.26:8080/" "Mozilla/5.0 (Windows NT 10.0; WOW64) AppleWebKit/537.36 (KHTML, like Gecko) Chrome/45.0.2454.93 Safari/537.36"
179.99.205.228 - - [22/Sep/2015:09:29:06 -0300] "POST /auth.php HTTP/1.1" 500 347 "http://187.73.149.26:8080/" "Mozilla/5.0 (Windows NT 10.0; WOW64) AppleWebKit/537.36 (KHTML, like Gecko) Chrome/45.0.2454.93 Safari/537.36"
179.99.205.228 - - [22/Sep/2015:09:29:07 -0300] "POST /auth.php HTTP/1.1" 500 347 "http://187.73.149.26:8080/" "Mozilla/5.0 (Windows NT 10.0; WOW64) AppleWebKit/537.36 (KHTML, like Gecko) Chrome/45.0.2454.93 Safari/537.36"
179.99.205.228 - - [22/Sep/2015:09:29:20 -0300] "GET / HTTP/1.1" 200 1374 "-" "Mozilla/5.0 (Windows NT 10.0; WOW64) AppleWebKit/537.36 (KHTML, like Gecko) Chrome/45.0.2454.93 Safari/537.36"
179.99.205.228 - - [22/Sep/2015:09:29:21 -0300] "GET /bootstrap/css/bootstrap.min.css HTTP/1.1" 200 20236 "http://187.73.149.26:8080/" "Mozilla/5.0 (Windows NT 10.0; WOW64) AppleWebKit/537.36 (KHTML, like Gecko) Chrome/45.0.2454.93 Safari/537.36"
179.99.205.228 - - [22/Sep/2015:09:29:21 -0300] "GET /bootstrap/js/bootstrap.min.js HTTP/1.1" 200 10096 "http://187.73.149.26:8080/" "Mozilla/5.0 (Windows NT 10.0; WOW64) AppleWebKit/537.36 (KHTML, like Gecko) Chrome/45.0.2454.93 Safari/537.36"
179.99.205.228 - - [22/Sep/2015:09:29:21 -0300] "GET /js/jquery-1.10.2.js HTTP/1.1" 200 81487 "http://187.73.149.26:8080/" "Mozilla/5.0 (Windows NT 10.0; WOW64) AppleWebKit/537.36 (KHTML, like Gecko) Chrome/45.0.2454.93 Safari/537.36"
179.99.205.228 - - [22/Sep/2015:09:29:23 -0300] "POST /auth.php HTTP/1.1" 200 422 "http://187.73.149.26:8080/" "Mozilla/5.0 (Windows NT 10.0; WOW64) AppleWebKit/537.36 (KHTML, like Gecko) Chrome/45.0.2454.93 Safari/537.36"
179.99.205.228 - - [22/Sep/2015:09:29:23 -0300] "GET /areaAluno.php HTTP/1.1" 200 2569 "http://187.73.149.26:8080/" "Mozilla/5.0 (Windows NT 10.0; WOW64) AppleWebKit/537.36 (KHTML, like Gecko) Chrome/45.0.2454.93 Safari/537.36"
179.99.205.228 - - [22/Sep/2015:09:29:35 -0300] "GET /img/submenu.png HTTP/1.1" 200 423 "http://187.73.149.26:8080/css/style.css" "Mozilla/5.0 (Windows NT 10.0; WOW64) AppleWebKit/537.36 (KHTML, like Gecko) Chrome/45.0.2454.93 Safari/537.36"
179.99.205.228 - - [22/Sep/2015:09:29:35 -0300] "GET /img/bt_livros_ativo.png HTTP/1.1" 200 1681 "http://187.73.149.26:8080/css/style.css" "Mozilla/5.0 (Windows NT 10.0; WOW64) AppleWebKit/537.36 (KHTML, like Gecko) Chrome/45.0.2454.93 Safari/537.36"
179.99.205.228 - - [22/Sep/2015:09:29:50 -0300] "GET /areaAluno.php HTTP/1.1" 302 1831 "http://187.73.149.26:8080/" "Mozilla/5.0 (Windows NT 10.0; WOW64) AppleWebKit/537.36 (KHTML, like Gecko) Chrome/45.0.2454.93 Safari/537.36"
179.99.205.228 - - [22/Sep/2015:09:29:50 -0300] "GET /index.php HTTP/1.1" 200 1373 "http://187.73.149.26:8080/" "Mozilla/5.0 (Windows NT 10.0; WOW64) AppleWebKit/537.36 (KHTML, like Gecko) Chrome/45.0.2454.93 Safari/537.36"
179.99.205.228 - - [22/Sep/2015:09:29:50 -0300] "GET /bootstrap/css/bootstrap.min.css HTTP/1.1" 200 20236 "http://187.73.149.26:8080/index.php" "Mozilla/5.0 (Windows NT 10.0; WOW64) AppleWebKit/537.36 (KHTML, like Gecko) Chrome/45.0.2454.93 Safari/537.36"
179.99.205.228 - - [22/Sep/2015:09:29:50 -0300] "GET /bootstrap/js/bootstrap.min.js HTTP/1.1" 200 10096 "http://187.73.149.26:8080/index.php" "Mozilla/5.0 (Windows NT 10.0; WOW64) AppleWebKit/537.36 (KHTML, like Gecko) Chrome/45.0.2454.93 Safari/537.36"
179.99.205.228 - - [22/Sep/2015:09:29:50 -0300] "GET /js/jquery-1.10.2.js HTTP/1.1" 200 81487 "http://187.73.149.26:8080/index.php" "Mozilla/5.0 (Windows NT 10.0; WOW64) AppleWebKit/537.36 (KHTML, like Gecko) Chrome/45.0.2454.93 Safari/537.36"
179.99.205.228 - - [22/Sep/2015:09:29:52 -0300] "POST /auth.php HTTP/1.1" 200 422 "http://187.73.149.26:8080/index.php" "Mozilla/5.0 (Windows NT 10.0; WOW64) AppleWebKit/537.36 (KHTML, like Gecko) Chrome/45.0.2454.93 Safari/537.36"
179.99.205.228 - - [22/Sep/2015:09:29:52 -0300] "GET /areaAluno.php HTTP/1.1" 200 2569 "http://187.73.149.26:8080/index.php" "Mozilla/5.0 (Windows NT 10.0; WOW64) AppleWebKit/537.36 (KHTML, like Gecko) Chrome/45.0.2454.93 Safari/537.36"
179.99.205.228 - - [22/Sep/2015:09:29:52 -0300] "GET /css/areaAluno.css HTTP/1.1" 200 1227 "http://187.73.149.26:8080/areaAluno.php" "Mozilla/5.0 (Windows NT 10.0; WOW64) AppleWebKit/537.36 (KHTML, like Gecko) Chrome/45.0.2454.93 Safari/537.36"
179.99.205.228 - - [22/Sep/2015:09:29:52 -0300] "GET /css/style.css HTTP/1.1" 200 3893 "http://187.73.149.26:8080/areaAluno.php" "Mozilla/5.0 (Windows NT 10.0; WOW64) AppleWebKit/537.36 (KHTML, like Gecko) Chrome/45.0.2454.93 Safari/537.36"
179.99.205.228 - - [22/Sep/2015:09:29:52 -0300] "GET /img/separador.png HTTP/1.1" 200 421 "http://187.73.149.26:8080/areaAluno.php" "Mozilla/5.0 (Windows NT 10.0; WOW64) AppleWebKit/537.36 (KHTML, like Gecko) Chrome/45.0.2454.93 Safari/537.36"
179.99.205.228 - - [22/Sep/2015:09:29:52 -0300] "GET /js/funcoes.js HTTP/1.1" 200 1007 "http://187.73.149.26:8080/areaAluno.php" "Mozilla/5.0 (Windows NT 10.0; WOW64) AppleWebKit/537.36 (KHTML, like Gecko) Chrome/45.0.2454.93 Safari/537.36"
179.99.205.228 - - [22/Sep/2015:09:29:52 -0300] "GET /img/abertura_Ca.png HTTP/1.1" 200 274903 "http://187.73.149.26:8080/areaAluno.php" "Mozilla/5.0 (Windows NT 10.0; WOW64) AppleWebKit/537.36 (KHTML, like Gecko) Chrome/45.0.2454.93 Safari/537.36"
179.99.205.228 - - [22/Sep/2015:09:29:54 -0300] "GET /img/bt_mensagens_normal.png HTTP/1.1" 200 2371 "http://187.73.149.26:8080/css/style.css" "Mozilla/5.0 (Windows NT 10.0; WOW64) AppleWebKit/537.36 (KHTML, like Gecko) Chrome/45.0.2454.93 Safari/537.36"
179.99.205.228 - - [22/Sep/2015:09:29:54 -0300] "GET /img/bt_livros_normal.png HTTP/1.1" 200 1514 "http://187.73.149.26:8080/css/style.css" "Mozilla/5.0 (Windows NT 10.0; WOW64) AppleWebKit/537.36 (KHTML, like Gecko) Chrome/45.0.2454.93 Safari/537.36"
179.99.205.228 - - [22/Sep/2015:09:29:54 -0300] "GET /img/bt_forum_normal.png HTTP/1.1" 200 1809 "http://187.73.149.26:8080/css/style.css" "Mozilla/5.0 (Windows NT 10.0; WOW64) AppleWebKit/537.36 (KHTML, like Gecko) Chrome/45.0.2454.93 Safari/537.36"
179.99.205.228 - - [22/Sep/2015:09:29:54 -0300] "GET /img/logo/logo_lg.png HTTP/1.1" 200 6599 "http://187.73.149.26:8080/css/style.css" "Mozilla/5.0 (Windows NT 10.0; WOW64) AppleWebKit/537.36 (KHTML, like Gecko) Chrome/45.0.2454.93 Safari/537.36"
179.99.205.228 - - [22/Sep/2015:09:29:54 -0300] "GET /img/galeria.png HTTP/1.1" 200 2625 "http://187.73.149.26:8080/css/areaAluno.css" "Mozilla/5.0 (Windows NT 10.0; WOW64) AppleWebKit/537.36 (KHTML, like Gecko) Chrome/45.0.2454.93 Safari/537.36"
179.99.205.228 - - [22/Sep/2015:09:29:54 -0300] "GET /img/video.png HTTP/1.1" 200 772 "http://187.73.149.26:8080/css/areaAluno.css" "Mozilla/5.0 (Windows NT 10.0; WOW64) AppleWebKit/537.36 (KHTML, like Gecko) Chrome/45.0.2454.93 Safari/537.36"
179.99.205.228 - - [22/Sep/2015:09:29:54 -0300] "GET /img/combo.png HTTP/1.1" 200 706 "http://187.73.149.26:8080/css/areaAluno.css" "Mozilla/5.0 (Windows NT 10.0; WOW64) AppleWebKit/537.36 (KHTML, like Gecko) Chrome/45.0.2454.93 Safari/537.36"
179.99.205.228 - - [22/Sep/2015:09:29:54 -0300] "GET /img/photo.png HTTP/1.1" 200 754 "http://187.73.149.26:8080/css/areaAluno.css" "Mozilla/5.0 (Windows NT 10.0; WOW64) AppleWebKit/537.36 (KHTML, like Gecko) Chrome/45.0.2454.93 Safari/537.36"
179.99.205.228 - - [22/Sep/2015:09:29:54 -0300] "GET /img/mais_vistos.png HTTP/1.1" 200 2943 "http://187.73.149.26:8080/css/areaAluno.css" "Mozilla/5.0 (Windows NT 10.0; WOW64) AppleWebKit/537.36 (KHTML, like Gecko) Chrome/45.0.2454.93 Safari/537.36"
179.99.205.228 - - [22/Sep/2015:09:29:54 -0300] "GET /img/game.png HTTP/1.1" 200 858 "http://187.73.149.26:8080/css/areaAluno.css" "Mozilla/5.0 (Windows NT 10.0; WOW64) AppleWebKit/537.36 (KHTML, like Gecko) Chrome/45.0.2454.93 Safari/537.36"
179.99.205.228 - - [22/Sep/2015:09:29:54 -0300] "GET /img/barra_colorida.png HTTP/1.1" 200 654 "http://187.73.149.26:8080/css/style.css" "Mozilla/5.0 (Windows NT 10.0; WOW64) AppleWebKit/537.36 (KHTML, like Gecko) Chrome/45.0.2454.93 Safari/537.36"
179.99.205.228 - - [22/Sep/2015:09:29:54 -0300] "GET /img/mensagens.png HTTP/1.1" 200 2936 "http://187.73.149.26:8080/css/areaAluno.css" "Mozilla/5.0 (Windows NT 10.0; WOW64) AppleWebKit/537.36 (KHTML, like Gecko) Chrome/45.0.2454.93 Safari/537.36"
179.99.205.228 - - [22/Sep/2015:09:29:56 -0300] "GET /img/submenu.png HTTP/1.1" 200 422 "http://187.73.149.26:8080/css/style.css" "Mozilla/5.0 (Windows NT 10.0; WOW64) AppleWebKit/537.36 (KHTML, like Gecko) Chrome/45.0.2454.93 Safari/537.36"
179.99.205.228 - - [22/Sep/2015:09:29:56 -0300] "GET /img/bt_livros_ativo.png HTTP/1.1" 200 1680 "http://187.73.149.26:8080/css/style.css" "Mozilla/5.0 (Windows NT 10.0; WOW64) AppleWebKit/537.36 (KHTML, like Gecko) Chrome/45.0.2454.93 Safari/537.36"
179.99.205.228 - - [22/Sep/2015:09:29:58 -0300] "GET /img/bt_mensagens_ativo.png HTTP/1.1" 200 2482 "http://187.73.149.26:8080/css/style.css" "Mozilla/5.0 (Windows NT 10.0; WOW64) AppleWebKit/537.36 (KHTML, like Gecko) Chrome/45.0.2454.93 Safari/537.36"
179.99.205.228 - - [22/Sep/2015:09:29:58 -0300] "GET /img/bt_forum_ativo.png HTTP/1.1" 200 1833 "http://187.73.149.26:8080/css/style.css" "Mozilla/5.0 (Windows NT 10.0; WOW64) AppleWebKit/537.36 (KHTML, like Gecko) Chrome/45.0.2454.93 Safari/537.36"
::1 - - [22/Sep/2015:09:30:06 -0300] "OPTIONS * HTTP/1.0" 200 125 "-" "Apache/2.4.7 (Ubuntu) PHP/5.5.9-1ubuntu4.11 mod_perl/2.0.8 Perl/v5.18.2 (internal dummy connection)"
179.99.205.228 - - [22/Sep/2015:09:30:12 -0300] "GET /areaAluno.php HTTP/1.1" 200 2603 "http://187.73.149.26:8080/index.php" "Mozilla/5.0 (Windows NT 10.0; WOW64) AppleWebKit/537.36 (KHTML, like Gecko) Chrome/45.0.2454.93 Safari/537.36"
179.99.205.228 - - [22/Sep/2015:09:30:12 -0300] "GET /css/style.css HTTP/1.1" 200 3894 "http://187.73.149.26:8080/areaAluno.php" "Mozilla/5.0 (Windows NT 10.0; WOW64) AppleWebKit/537.36 (KHTML, like Gecko) Chrome/45.0.2454.93 Safari/537.36"
179.99.205.228 - - [22/Sep/2015:09:30:12 -0300] "GET /bootstrap/css/bootstrap.min.css HTTP/1.1" 200 20236 "http://187.73.149.26:8080/areaAluno.php" "Mozilla/5.0 (Windows NT 10.0; WOW64) AppleWebKit/537.36 (KHTML, like Gecko) Chrome/45.0.2454.93 Safari/537.36"
179.99.205.228 - - [22/Sep/2015:09:30:12 -0300] "GET /css/areaAluno.css HTTP/1.1" 200 1228 "http://187.73.149.26:8080/areaAluno.php" "Mozilla/5.0 (Windows NT 10.0; WOW64) AppleWebKit/537.36 (KHTML, like Gecko) Chrome/45.0.2454.93 Safari/537.36"
179.99.205.228 - - [22/Sep/2015:09:30:12 -0300] "GET /js/funcoes.js HTTP/1.1" 200 1006 "http://187.73.149.26:8080/areaAluno.php" "Mozilla/5.0 (Windows NT 10.0; WOW64) AppleWebKit/537.36 (KHTML, like Gecko) Chrome/45.0.2454.93 Safari/537.36"
179.99.205.228 - - [22/Sep/2015:09:30:12 -0300] "GET /bootstrap/js/bootstrap.min.js HTTP/1.1" 200 10096 "http://187.73.149.26:8080/areaAluno.php" "Mozilla/5.0 (Windows NT 10.0; WOW64) AppleWebKit/537.36 (KHTML, like Gecko) Chrome/45.0.2454.93 Safari/537.36"
179.99.205.228 - - [22/Sep/2015:09:30:12 -0300] "GET /img/separador.png HTTP/1.1" 304 179 "http://187.73.149.26:8080/areaAluno.php" "Mozilla/5.0 (Windows NT 10.0; WOW64) AppleWebKit/537.36 (KHTML, like Gecko) Chrome/45.0.2454.93 Safari/537.36"
179.99.205.228 - - [22/Sep/2015:09:30:12 -0300] "GET /img/abertura_Ca.png HTTP/1.1" 304 181 "http://187.73.149.26:8080/areaAluno.php" "Mozilla/5.0 (Windows NT 10.0; WOW64) AppleWebKit/537.36 (KHTML, like Gecko) Chrome/45.0.2454.93 Safari/537.36"
179.99.205.228 - - [22/Sep/2015:09:30:12 -0300] "GET /img/bt_exercicios_normal.png HTTP/1.1" 200 1749 "http://187.73.149.26:8080/css/style.css" "Mozilla/5.0 (Windows NT 10.0; WOW64) AppleWebKit/537.36 (KHTML, like Gecko) Chrome/45.0.2454.93 Safari/537.36"
179.99.205.228 - - [22/Sep/2015:09:30:12 -0300] "GET /img/bt_forum_normal.png HTTP/1.1" 304 179 "http://187.73.149.26:8080/areaAluno.php" "Mozilla/5.0 (Windows NT 10.0; WOW64) AppleWebKit/537.36 (KHTML, like Gecko) Chrome/45.0.2454.93 Safari/537.36"
179.99.205.228 - - [22/Sep/2015:09:30:12 -0300] "GET /img/galeria.png HTTP/1.1" 304 179 "http://187.73.149.26:8080/areaAluno.php" "Mozilla/5.0 (Windows NT 10.0; WOW64) AppleWebKit/537.36 (KHTML, like Gecko) Chrome/45.0.2454.93 Safari/537.36"
179.99.205.228 - - [22/Sep/2015:09:30:12 -0300] "GET /img/combo.png HTTP/1.1" 304 180 "http://187.73.149.26:8080/areaAluno.php" "Mozilla/5.0 (Windows NT 10.0; WOW64) AppleWebKit/537.36 (KHTML, like Gecko) Chrome/45.0.2454.93 Safari/537.36"
179.99.205.228 - - [22/Sep/2015:09:30:12 -0300] "GET /img/logo/logo_lg.png HTTP/1.1" 304 180 "http://187.73.149.26:8080/areaAluno.php" "Mozilla/5.0 (Windows NT 10.0; WOW64) AppleWebKit/537.36 (KHTML, like Gecko) Chrome/45.0.2454.93 Safari/537.36"
179.99.205.228 - - [22/Sep/2015:09:30:12 -0300] "GET /img/bt_mensagens_normal.png HTTP/1.1" 304 179 "http://187.73.149.26:8080/areaAluno.php" "Mozilla/5.0 (Windows NT 10.0; WOW64) AppleWebKit/537.36 (KHTML, like Gecko) Chrome/45.0.2454.93 Safari/537.36"
179.99.205.228 - - [22/Sep/2015:09:30:12 -0300] "GET /img/mais_vistos.png HTTP/1.1" 304 179 "http://187.73.149.26:8080/areaAluno.php" "Mozilla/5.0 (Windows NT 10.0; WOW64) AppleWebKit/537.36 (KHTML, like Gecko) Chrome/45.0.2454.93 Safari/537.36"
179.99.205.228 - - [22/Sep/2015:09:30:12 -0300] "GET /img/mensagens.png HTTP/1.1" 304 179 "http://187.73.149.26:8080/areaAluno.php" "Mozilla/5.0 (Windows NT 10.0; WOW64) AppleWebKit/537.36 (KHTML, like Gecko) Chrome/45.0.2454.93 Safari/537.36"
179.99.205.228 - - [22/Sep/2015:09:30:12 -0300] "GET /img/photo.png HTTP/1.1" 304 179 "http://187.73.149.26:8080/areaAluno.php" "Mozilla/5.0 (Windows NT 10.0; WOW64) AppleWebKit/537.36 (KHTML, like Gecko) Chrome/45.0.2454.93 Safari/537.36"
179.99.205.228 - - [22/Sep/2015:09:30:12 -0300] "GET /img/game.png HTTP/1.1" 304 179 "http://187.73.149.26:8080/areaAluno.php" "Mozilla/5.0 (Windows NT 10.0; WOW64) AppleWebKit/537.36 (KHTML, like Gecko) Chrome/45.0.2454.93 Safari/537.36"
179.99.205.228 - - [22/Sep/2015:09:30:12 -0300] "GET /img/video.png HTTP/1.1" 304 179 "http://187.73.149.26:8080/areaAluno.php" "Mozilla/5.0 (Windows NT 10.0; WOW64) AppleWebKit/537.36 (KHTML, like Gecko) Chrome/45.0.2454.93 Safari/537.36"
179.99.205.228 - - [22/Sep/2015:09:30:12 -0300] "GET /img/barra_colorida.png HTTP/1.1" 304 179 "http://187.73.149.26:8080/areaAluno.php" "Mozilla/5.0 (Windows NT 10.0; WOW64) AppleWebKit/537.36 (KHTML, like Gecko) Chrome/45.0.2454.93 Safari/537.36"
179.99.205.228 - - [22/Sep/2015:09:30:14 -0300] "GET /img/bt_exercicios_ativo.png HTTP/1.1" 200 1908 "http://187.73.149.26:8080/css/style.css" "Mozilla/5.0 (Windows NT 10.0; WOW64) AppleWebKit/537.36 (KHTML, like Gecko) Chrome/45.0.2454.93 Safari/537.36"
::1 - - [22/Sep/2015:09:30:21 -0300] "OPTIONS * HTTP/1.0" 200 125 "-" "Apache/2.4.7 (Ubuntu) PHP/5.5.9-1ubuntu4.11 mod_perl/2.0.8 Perl/v5.18.2 (internal dummy connection)"
179.99.205.228 - - [22/Sep/2015:09:38:06 -0300] "GET /phpmyadmin/index.php?token=a1b6650aec3092b3274c6bd337da592b HTTP/1.1" 200 4049 "-" "Mozilla/5.0 (Windows NT 10.0; WOW64) AppleWebKit/537.36 (KHTML, like Gecko) Chrome/45.0.2454.93 Safari/537.36"
179.99.205.228 - - [22/Sep/2015:09:38:07 -0300] "GET /phpmyadmin/themes/pmahomme/jquery/jquery-ui-1.9.2.custom.css HTTP/1.1" 200 6514 "http://187.73.149.26:8080/phpmyadmin/index.php?token=a1b6650aec3092b3274c6bd337da592b" "Mozilla/5.0 (Windows NT 10.0; WOW64) AppleWebKit/537.36 (KHTML, like Gecko) Chrome/45.0.2454.93 Safari/537.36"
179.99.205.228 - - [22/Sep/2015:09:38:07 -0300] "GET /phpmyadmin/themes/pmahomme/img/logo_right.png HTTP/1.1" 200 4578 "http://187.73.149.26:8080/phpmyadmin/index.php?token=a1b6650aec3092b3274c6bd337da592b" "Mozilla/5.0 (Windows NT 10.0; WOW64) AppleWebKit/537.36 (KHTML, like Gecko) Chrome/45.0.2454.93 Safari/537.36"
179.99.205.228 - - [22/Sep/2015:09:38:07 -0300] "GET /phpmyadmin/themes/dot.gif HTTP/1.1" 200 324 "http://187.73.149.26:8080/phpmyadmin/index.php?token=a1b6650aec3092b3274c6bd337da592b" "Mozilla/5.0 (Windows NT 10.0; WOW64) AppleWebKit/537.36 (KHTML, like Gecko) Chrome/45.0.2454.93 Safari/537.36"
179.99.205.228 - - [22/Sep/2015:09:38:07 -0300] "GET /phpmyadmin/phpmyadmin.css.php?server=1&lang=pt_BR&collation_connection=utf8_general_ci&token=d3b165a82d2ea7eb80f4dfb12f08766a&nocache=4147360344ltr HTTP/1.1" 200 17608 "http://187.73.149.26:8080/phpmyadmin/index.php?token=a1b6650aec3092b3274c6bd337da592b" "Mozilla/5.0 (Windows NT 10.0; WOW64) AppleWebKit/537.36 (KHTML, like Gecko) Chrome/45.0.2454.93 Safari/537.36"
179.99.205.228 - - [22/Sep/2015:09:38:07 -0300] "GET /phpmyadmin/js/get_image.js.php?theme=pmahomme HTTP/1.1" 200 6652 "http://187.73.149.26:8080/phpmyadmin/index.php?token=a1b6650aec3092b3274c6bd337da592b" "Mozilla/5.0 (Windows NT 10.0; WOW64) AppleWebKit/537.36 (KHTML, like Gecko) Chrome/45.0.2454.93 Safari/537.36"
179.99.205.228 - - [22/Sep/2015:09:38:07 -0300] "GET /phpmyadmin/js/messages.php?lang=pt_BR&db=&collation_connection=utf8_general_ci&token=d3b165a82d2ea7eb80f4dfb12f08766a HTTP/1.1" 200 18904 "http://187.73.149.26:8080/phpmyadmin/index.php?token=a1b6650aec3092b3274c6bd337da592b" "Mozilla/5.0 (Windows NT 10.0; WOW64) AppleWebKit/537.36 (KHTML, like Gecko) Chrome/45.0.2454.93 Safari/537.36"
179.99.205.228 - - [22/Sep/2015:09:38:07 -0300] "GET /phpmyadmin/js/get_scripts.js.php?scripts[]=jquery/jquery-1.8.3.min.js&scripts[]=ajax.js&scripts[]=keyhandler.js&scripts[]=jquery/jquery-ui-1.9.2.custom.min.js&scripts[]=jquery/jquery.sprintf.js&scripts[]=jquery/jquery.cookie.js&scripts[]=jquery/jquery.mousewheel.js&scripts[]=jquery/jquery.event.drag-2.2.js&scripts[]=jquery/jquery-ui-timepicker-addon.js&scripts[]=jquery/jquery.ba-hashchange-1.3.js&scripts[]=jquery/jquery.debounce-1.0.5.js&scripts[]=jquery/jquery.menuResizer-1.0.js&scripts[]=cross_framing_protection.js&scripts[]=rte.js&scripts[]=functions.js&scripts[]=navigation.js&scripts[]=indexes.js&scripts[]=common.js&scripts[]=codemirror/lib/codemirror.js&scripts[]=codemirror/mode/mysql/mysql.js HTTP/1.1" 200 819332 "http://187.73.149.26:8080/phpmyadmin/index.php?token=a1b6650aec3092b3274c6bd337da592b" "Mozilla/5.0 (Windows NT 10.0; WOW64) AppleWebKit/537.36 (KHTML, like Gecko) Chrome/45.0.2454.93 Safari/537.36"
179.99.205.228 - - [22/Sep/2015:09:38:09 -0300] "GET /phpmyadmin/favicon.ico HTTP/1.1" 200 19203 "http://187.73.149.26:8080/phpmyadmin/index.php?token=a1b6650aec3092b3274c6bd337da592b" "Mozilla/5.0 (Windows NT 10.0; WOW64) AppleWebKit/537.36 (KHTML, like Gecko) Chrome/45.0.2454.93 Safari/537.36"
179.99.205.228 - - [22/Sep/2015:09:38:09 -0300] "GET /phpmyadmin/index.php?db=&table=&server=1&target=&token=a1b6650aec3092b3274c6bd337da592b HTTP/1.1" 200 3674 "http://187.73.149.26:8080/phpmyadmin/index.php?token=a1b6650aec3092b3274c6bd337da592b" "Mozilla/5.0 (Windows NT 10.0; WOW64) AppleWebKit/537.36 (KHTML, like Gecko) Chrome/45.0.2454.93 Safari/537.36"
179.99.205.228 - - [22/Sep/2015:09:38:09 -0300] "GET /phpmyadmin/phpmyadmin.css.php?server=1&token=a38d4c8752b10942f65a08b1e07103bb&nocache=4147360344ltr HTTP/1.1" 200 17608 "http://187.73.149.26:8080/phpmyadmin/index.php?db=&table=&server=1&target=&token=a1b6650aec3092b3274c6bd337da592b" "Mozilla/5.0 (Windows NT 10.0; WOW64) AppleWebKit/537.36 (KHTML, like Gecko) Chrome/45.0.2454.93 Safari/537.36"
